// Jest Snapshot v1, https://goo.gl/fbAQLP

exports[`[COMP] <NavBarPrincipal> Debe hacer match con el snapshot 1`] = `
<div>
  <nav
    class="navbar navbar-expand-lg navbar-dark bg-dark"
  >
    <div
      class="container"
    >
      <a
        class="navbar-brand"
        href="#home"
      >
        ðŸš€ Word Ranking APP!
      </a>
      <button
        aria-controls="basic-navbar-nav"
        aria-label="Toggle navigation"
        class="navbar-toggler collapsed"
        type="button"
      >
        <span
          class="navbar-toggler-icon"
        />
      </button>
      <div
        class="navbar-collapse collapse"
        id="basic-navbar-nav"
      >
        <div
          class="me-auto navbar-nav"
        >
          <a
            aria-label="navitem"
            class="nav-link"
            data-rr-ui-event-key="/"
            href="/"
          >
            Inicio
          </a>
          <a
            aria-label="navitem"
            class="nav-link"
            data-rr-ui-event-key="#apidocs"
            href="#apidocs"
          >
            API Docs
          </a>
        </div>
      </div>
    </div>
  </nav>
</div>
`;
